// Jest Snapshot v1, https://goo.gl/fbAQLP

exports[`<Pagination /> renders pagination fro 18 items 1`] = `null`;
